Archive member included to satisfy reference by file (symbol)

C:/Program Files/Rowley Associates Limited/CrossWorks for ARM 4.10/lib/libm_v7em_t_le_eabi.a(libm_asm.o)
                              uart3_bms THUMB Debug/bms.o (__aeabi_i2f)
C:/Program Files/Rowley Associates Limited/CrossWorks for ARM 4.10/lib/libc_v7em_t_le_eabi.a(libc2_asm.o)
                              uart3_bms THUMB Debug/bms.o (memset)
C:/Program Files/Rowley Associates Limited/CrossWorks for ARM 4.10/lib/libc_v7em_t_le_eabi.a(libvfprintf.o)
                              (__vfprintf_float_long_long)
C:/Program Files/Rowley Associates Limited/CrossWorks for ARM 4.10/lib/libc_v7em_t_le_eabi.a(libvfscanf.o)
                              (__vfscanf_float_long_long_cc)
C:/Program Files/Rowley Associates Limited/CrossWorks for ARM 4.10/lib/libc_v7em_t_le_eabi.a(libc2.o)
                              C:/Program Files/Rowley Associates Limited/CrossWorks for ARM 4.10/lib/libc_v7em_t_le_eabi.a(libvfscanf.o) (__getc)
C:/Program Files/Rowley Associates Limited/CrossWorks for ARM 4.10/lib/libc_v7em_t_le_eabi.a(libc.o)
                              C:/Program Files/Rowley Associates Limited/CrossWorks for ARM 4.10/lib/libc_v7em_t_le_eabi.a(libc2.o) (__heap_lock)
C:/Program Files/Rowley Associates Limited/CrossWorks for ARM 4.10/lib/libc_v7em_t_le_eabi.a(libc_asm.o)
                              C:/Program Files/Rowley Associates Limited/CrossWorks for ARM 4.10/lib/libc_v7em_t_le_eabi.a(libc2.o) (__aeabi_uldivmod)
C:/Program Files/Rowley Associates Limited/CrossWorks for ARM 4.10/lib/libdebugio_v7em_t_le_eabi.a(libdebugio.o)
                              C:/Program Files/Rowley Associates Limited/CrossWorks for ARM 4.10/lib/libc_v7em_t_le_eabi.a(libc_asm.o) (debug_fopen)
C:/Program Files/Rowley Associates Limited/CrossWorks for ARM 4.10/lib/libdebugio_v7em_t_le_eabi.a(do_nv_debug_operation.o)
                              C:/Program Files/Rowley Associates Limited/CrossWorks for ARM 4.10/lib/libdebugio_v7em_t_le_eabi.a(libdebugio.o) (__do_nvdebug_operation)
C:/Program Files/Rowley Associates Limited/CrossWorks for ARM 4.10/lib/libdebugio_v7em_t_le_eabi.a(mempoll_debug_operations.o)
                              (__do_debug_operation_mempoll)
C:/Program Files/Rowley Associates Limited/CrossWorks for ARM 4.10/lib/libm_v7em_t_le_eabi.a(libm2.o)
                              C:/Program Files/Rowley Associates Limited/CrossWorks for ARM 4.10/lib/libc_v7em_t_le_eabi.a(libvfprintf.o) (frexp)
C:/Program Files/Rowley Associates Limited/CrossWorks for ARM 4.10/lib/libm_v7em_t_le_eabi.a(libm2_asm.o)
                              C:/Program Files/Rowley Associates Limited/CrossWorks for ARM 4.10/lib/libm_v7em_t_le_eabi.a(libm2.o) (fabs)

Discarded input sections

 .group         0x0000000000000000        0xc uart3_bms THUMB Debug/main.o
 .group         0x0000000000000000        0xc uart3_bms THUMB Debug/main.o
 .group         0x0000000000000000        0xc uart3_bms THUMB Debug/main.o
 .group         0x0000000000000000        0xc uart3_bms THUMB Debug/main.o
 .group         0x0000000000000000        0xc uart3_bms THUMB Debug/main.o
 .group         0x0000000000000000        0xc uart3_bms THUMB Debug/main.o
 .group         0x0000000000000000        0xc uart3_bms THUMB Debug/main.o
 .group         0x0000000000000000        0xc uart3_bms THUMB Debug/main.o
 .group         0x0000000000000000        0xc uart3_bms THUMB Debug/main.o
 .group         0x0000000000000000        0xc uart3_bms THUMB Debug/main.o
 .group         0x0000000000000000        0xc uart3_bms THUMB Debug/main.o
 .group         0x0000000000000000        0xc uart3_bms THUMB Debug/main.o
 .group         0x0000000000000000        0xc uart3_bms THUMB Debug/main.o
 .group         0x0000000000000000        0xc uart3_bms THUMB Debug/main.o
 .group         0x0000000000000000        0xc uart3_bms THUMB Debug/main.o
 .group         0x0000000000000000        0xc uart3_bms THUMB Debug/main.o
 .group         0x0000000000000000        0xc uart3_bms THUMB Debug/main.o
 .group         0x0000000000000000        0xc uart3_bms THUMB Debug/main.o
 .group         0x0000000000000000        0xc uart3_bms THUMB Debug/main.o
 .text          0x0000000000000000        0x0 uart3_bms THUMB Debug/main.o
 .data          0x0000000000000000        0x0 uart3_bms THUMB Debug/main.o
 .bss           0x0000000000000000        0x0 uart3_bms THUMB Debug/main.o
 .data.t        0x0000000000000000        0x6 uart3_bms THUMB Debug/main.o
 .group         0x0000000000000000        0xc uart3_bms THUMB Debug/uart3.o
 .group         0x0000000000000000        0xc uart3_bms THUMB Debug/uart3.o
 .group         0x0000000000000000        0xc uart3_bms THUMB Debug/uart3.o
 .group         0x0000000000000000        0xc uart3_bms THUMB Debug/uart3.o
 .group         0x0000000000000000        0xc uart3_bms THUMB Debug/uart3.o
 .group         0x0000000000000000        0xc uart3_bms THUMB Debug/uart3.o
[...]
Memory Configuration

Name             Origin             Length             Attributes
UNPLACED_SECTIONS 0x0000000100000000 0x0000000000000000 xw
FLASH            0x0000000008000000 0x0000000000200000 xr
DATA_SRAM        0x0000000010000000 0x0000000000010000 xw
SYSTEM           0x000000001fff0000 0x0000000000007a10 xw
OPTION           0x000000001fffc000 0x0000000000000008 xw
RAM              0x0000000020000000 0x0000000000030000 xw
SRAM1            0x0000000020000000 0x000000000001c000 xw
SRAM2            0x000000002001c000 0x0000000000004000 xw
SRAM3            0x0000000020020000 0x0000000000010000 xw
APB1             0x0000000040000000 0x0000000000008000 xw
APB2             0x0000000040010000 0x0000000000008000 xw
AHB1             0x0000000040020000 0x0000000000080000 xw
AHB2             0x0000000050000000 0x0000000000060c00 xw
FSMC             0x00000000a0000000 0x0000000000001000 xw
PCCARD           0x0000000090000000 0x0000000000000000 xw
NAND2            0x0000000080000000 0x0000000000000000 xw
NAND1            0x0000000070000000 0x0000000000000000 xw
NOR_PSRAM4       0x000000006c000000 0x0000000000000000 xw
NOR_PSRAM3       0x0000000068000000 0x0000000000000000 xw
NOR_PSRAM2       0x0000000064000000 0x0000000000000000 xw
NOR_PSRAM1       0x0000000060000000 0x0000000000000000 xw
SDRAM1           0x00000000c0000000 0x0000000000000000 xw
SDRAM2           0x00000000d0000000 0x0000000000000000 xw
PPB              0x00000000e0000000 0x0000000000100000 xw
DBG              0x00000000e0042000 0x0000000000000010 xw
*default*        0x0000000000000000 0xffffffffffffffff

Linker script and memory map

                0x0000000008000000                __FLASH_segment_start__ = 0x8000000
                0x0000000008200000                __FLASH_segment_end__ = 0x8200000
                0x0000000000200000                __FLASH_segment_size__ = 0x200000
                0x0000000010000000                __DATA_SRAM_segment_start__ = 0x10000000
                0x0000000010010000                __DATA_SRAM_segment_end__ = 0x10010000
                0x0000000000010000                __DATA_SRAM_segment_size__ = 0x10000
                0x000000001fff0000                __SYSTEM_segment_start__ = 0x1fff0000
                0x000000001fff7a10                __SYSTEM_segment_end__ = 0x1fff7a10
                0x0000000000007a10                __SYSTEM_segment_size__ = 0x7a10
                0x000000001fffc000                __OPTION_segment_start__ = 0x1fffc000
                0x000000001fffc008                __OPTION_segment_end__ = 0x1fffc008
                0x0000000000000008                __OPTION_segment_size__ = 0x8
                0x0000000020000000                __RAM_segment_start__ = 0x20000000
                0x0000000020030000                __RAM_segment_end__ = 0x20030000
                0x0000000000030000                __RAM_segment_size__ = 0x30000
                0x0000000020000000                __SRAM1_segment_start__ = 0x20000000
                0x000000002001c000                __SRAM1_segment_end__ = 0x2001c000
                0x000000000001c000                __SRAM1_segment_size__ = 0x1c000
                0x000000002001c000                __SRAM2_segment_start__ = 0x2001c000
                0x0000000020020000                __SRAM2_segment_end__ = 0x20020000
                0x0000000000004000                __SRAM2_segment_size__ = 0x4000
                0x0000000020020000                __SRAM3_segment_start__ = 0x20020000
                0x0000000020030000                __SRAM3_segment_end__ = 0x20030000
                0x0000000000010000                __SRAM3_segment_size__ = 0x10000
                0x0000000040000000                __APB1_segment_start__ = 0x40000000
                0x0000000040008000                __APB1_segment_end__ = 0x40008000
                0x0000000000008000                __APB1_segment_size__ = 0x8000
                0x0000000040010000                __APB2_segment_start__ = 0x40010000
                0x0000000040018000                __APB2_segment_end__ = 0x40018000
                0x0000000000008000                __APB2_segment_size__ = 0x8000
                0x0000000040020000                __AHB1_segment_start__ = 0x40020000
                0x00000000400a0000                __AHB1_segment_end__ = 0x400a0000
                0x0000000000080000                __AHB1_segment_size__ = 0x80000
                0x0000000050000000                __AHB2_segment_start__ = 0x50000000
                0x0000000050060c00                __AHB2_segment_end__ = 0x50060c00
                0x0000000000060c00                __AHB2_segment_size__ = 0x60c00
                0x00000000a0000000                __FSMC_segment_start__ = 0xa0000000
                0x00000000a0001000                __FSMC_segment_end__ = 0xa0001000
                0x0000000000001000                __FSMC_segment_size__ = 0x1000
                0x0000000090000000                __PCCARD_segment_start__ = 0x90000000
                0x0000000090000000                __PCCARD_segment_end__ = 0x90000000
                0x0000000000000000                __PCCARD_segment_size__ = 0x0
                0x0000000080000000                __NAND2_segment_start__ = 0x80000000
                0x0000000080000000                __NAND2_segment_end__ = 0x80000000
                0x0000000000000000                __NAND2_segment_size__ = 0x0
                0x0000000070000000                __NAND1_segment_start__ = 0x70000000
                0x0000000070000000                __NAND1_segment_end__ = 0x70000000
                0x0000000000000000                __NAND1_segment_size__ = 0x0
                0x000000006c000000                __NOR_PSRAM4_segment_start__ = 0x6c000000
                0x000000006c000000                __NOR_PSRAM4_segment_end__ = 0x6c000000
                0x0000000000000000                __NOR_PSRAM4_segment_size__ = 0x0
                0x0000000068000000                __NOR_PSRAM3_segment_start__ = 0x68000000
                0x0000000068000000                __NOR_PSRAM3_segment_end__ = 0x68000000
                0x0000000000000000                __NOR_PSRAM3_segment_size__ = 0x0
                0x0000000064000000                __NOR_PSRAM2_segment_start__ = 0x64000000
                0x0000000064000000                __NOR_PSRAM2_segment_end__ = 0x64000000
                0x0000000000000000                __NOR_PSRAM2_segment_size__ = 0x0
                0x0000000060000000                __NOR_PSRAM1_segment_start__ = 0x60000000
                0x0000000060000000                __NOR_PSRAM1_segment_end__ = 0x60000000
                0x0000000000000000                __NOR_PSRAM1_segment_size__ = 0x0
                0x00000000c0000000                __SDRAM1_segment_start__ = 0xc0000000
                0x00000000c0000000                __SDRAM1_segment_end__ = 0xc0000000
                0x0000000000000000                __SDRAM1_segment_size__ = 0x0
                0x00000000d0000000                __SDRAM2_segment_start__ = 0xd0000000
                0x00000000d0000000                __SDRAM2_segment_end__ = 0xd0000000
                0x0000000000000000                __SDRAM2_segment_size__ = 0x0
                0x00000000e0000000                __PPB_segment_start__ = 0xe0000000
                0x00000000e0100000                __PPB_segment_end__ = 0xe0100000
                0x0000000000100000                __PPB_segment_size__ = 0x100000
                0x00000000e0042000                __DBG_segment_start__ = 0xe0042000
                0x00000000e0042010                __DBG_segment_end__ = 0xe0042010
                0x0000000000000010                __DBG_segment_size__ = 0x10
                0x0000000000000080                __HEAPSIZE__ = 0x80
                0x0000000000000000                __STACKSIZE_ABT__ = 0x0
                0x0000000000000000                __STACKSIZE_FIQ__ = 0x0
                0x0000000000000000                __STACKSIZE_IRQ__ = 0x0
                0x0000000000000000                __STACKSIZE_PROCESS__ = 0x0
                0x0000000000000000                __STACKSIZE_SVC__ = 0x0
                0x0000000000000000                __STACKSIZE_UND__ = 0x0
                0x0000000000000100                __STACKSIZE__ = 0x100
                0x0000000000000000                __do_debug_operation = __do_debug_operation_mempoll
                0x0000000000000000                __vfprintf = __vfprintf_float_long_long
                0x0000000000000000                __vfscanf = __vfscanf_float_long_long_cc
                0x0000000020000000                __vectors_ram_load_start__ = ALIGN (__RAM_segment_start__, 0x100)

.vectors_ram    0x0000000020000000        0x0
                0x0000000020000000                __vectors_ram_start__ = .
 *(.vectors_ram .vectors_ram.*)
                0x0000000020000000                __vectors_ram_end__ = (__vectors_ram_start__ + SIZEOF (.vectors_ram))
                0x0000000000000000                __vectors_ram_size__ = SIZEOF (.vectors_ram)
                0x0000000020000000                __vectors_ram_load_end__ = __vectors_ram_end__
                0x0000000000000001                . = ASSERT (((__vectors_ram_start__ == __vectors_ram_end__) || ((__vectors_ram_end__ - __RAM_segment_start__) <= __RAM_segment_size__)), error: .vectors_ram is too large to fit in RAM memory segment)
                0x0000000008000000                __vectors_load_start__ = ALIGN (__FLASH_segment_start__, 0x100)

.vectors        0x0000000008000000      0x1ac
                0x0000000008000000                __vectors_start__ = .
 *(.vectors .vectors.*)
 .vectors       0x0000000008000000      0x1ac uart3_bms THUMB Debug/STM32_Startup.o
                0x0000000008000000                __vector_table
                0x0000000008000000                g_pfnVectors
                0x0000000008000000                _vectors
                0x00000000080001ac                __vectors_end__ = (__vectors_start__ + SIZEOF (.vectors))
                0x00000000000001ac                __vectors_size__ = SIZEOF (.vectors)
                0x00000000080001ac                __vectors_load_end__ = __vectors_end__
                0x0000000000000001                . = ASSERT (((__vectors_start__ == __vectors_end__) || ((__vectors_end__ - __FLASH_segment_start__) <= __FLASH_segment_size__)), error: .vectors is too large to fit in FLASH memory segment)
                0x00000000080001ac                __init_load_start__ = ALIGN (__vectors_end__, 0x4)

.init           0x00000000080001ac      0x238
                0x00000000080001ac                __init_start__ = .
 *(.init .init.*)
 .init          0x00000000080001ac      0x154 uart3_bms THUMB Debug/thumb_crt0.o
                0x00000000080001ac                _start
                0x000000000800025c                exit
 .init          0x0000000008000300       0xe4 uart3_bms THUMB Debug/STM32_Startup.o
                0x0000000008000300                NMI_Handler
                0x0000000008000302                HardFault_Handler
                0x0000000008000304                MemManage_Handler
                0x0000000008000306                BusFault_Handler
                0x0000000008000308                UsageFault_Handler
                0x000000000800030a                SVC_Handler
                0x000000000800030c                DebugMon_Handler
                0x000000000800030e                PendSV_Handler
                0x0000000008000310                SysTick_Handler
                0x0000000008000312                WWDG_IRQHandler
                0x0000000008000314                PVD_IRQHandler
                0x0000000008000316                TAMP_STAMP_IRQHandler
                0x0000000008000318                RTC_WKUP_IRQHandler
                0x000000000800031a                FLASH_IRQHandler
                0x000000000800031c                RCC_IRQHandler
                0x000000000800031e                EXTI0_IRQHandler
                0x0000000008000320                EXTI1_IRQHandler
                0x0000000008000322                EXTI2_IRQHandler
                0x0000000008000324                EXTI3_IRQHandler
                0x0000000008000326                EXTI4_IRQHandler
                0x0000000008000328                DMA1_Stream0_IRQHandler
                0x000000000800032a                DMA1_Stream1_IRQHandler
                0x000000000800032c                DMA1_Stream2_IRQHandler
                0x000000000800032e                DMA1_Stream3_IRQHandler
                0x0000000008000330                DMA1_Stream4_IRQHandler
                0x0000000008000332                DMA1_Stream5_IRQHandler
                0x0000000008000334                DMA1_Stream6_IRQHandler
                0x0000000008000336                ADC_IRQHandler
                0x0000000008000338                CAN1_TX_IRQHandler
                0x000000000800033a                CAN1_RX0_IRQHandler
                0x000000000800033c                CAN1_RX1_IRQHandler
                0x000000000800033e                CAN1_SCE_IRQHandler
                0x0000000008000340                EXTI9_5_IRQHandler
                0x0000000008000342                TIM1_BRK_TIM9_IRQHandler
                0x0000000008000344                TIM1_UP_TIM10_IRQHandler
                0x0000000008000346                TIM1_TRG_COM_TIM11_IRQHandler
                0x0000000008000348                TIM1_CC_IRQHandler
                0x000000000800034c                TIM3_IRQHandler
                0x000000000800034e                TIM4_IRQHandler
                0x0000000008000350                I2C1_EV_IRQHandler
                0x0000000008000352                I2C1_ER_IRQHandler
                0x0000000008000354                I2C2_EV_IRQHandler
                0x0000000008000356                I2C2_ER_IRQHandler
                0x0000000008000358                SPI1_IRQHandler
                0x000000000800035a                SPI2_IRQHandler
                0x000000000800035c                USART1_IRQHandler
                0x000000000800035e                USART2_IRQHandler
                0x0000000008000362                EXTI15_10_IRQHandler
                0x0000000008000364                RTC_Alarm_IRQHandler
                0x0000000008000366                OTG_FS_WKUP_IRQHandler
                0x0000000008000368                TIM8_BRK_TIM12_IRQHandler
                0x000000000800036a                TIM8_UP_TIM13_IRQHandler
                0x000000000800036c                TIM8_TRG_COM_TIM14_IRQHandler
                0x000000000800036e                TIM8_CC_IRQHandler
                0x0000000008000370                DMA1_Stream7_IRQHandler
                0x0000000008000372                FMC_IRQHandler
                0x0000000008000374                SDIO_IRQHandler
                0x0000000008000376                TIM5_IRQHandler
                0x0000000008000378                SPI3_IRQHandler
                0x000000000800037a                UART4_IRQHandler
                0x000000000800037c                UART5_IRQHandler
                0x000000000800037e                TIM6_DAC_IRQHandler
                0x0000000008000380                TIM7_IRQHandler
                0x0000000008000382                DMA2_Stream0_IRQHandler
                0x0000000008000384                DMA2_Stream1_IRQHandler
                0x0000000008000386                DMA2_Stream2_IRQHandler
                0x0000000008000388                DMA2_Stream3_IRQHandler
                0x000000000800038a                DMA2_Stream4_IRQHandler
                0x000000000800038c                ETH_IRQHandler
                0x000000000800038e                ETH_WKUP_IRQHandler
                0x0000000008000390                CAN2_TX_IRQHandler
                0x0000000008000392                CAN2_RX0_IRQHandler
                0x0000000008000394                CAN2_RX1_IRQHandler
                0x0000000008000396                CAN2_SCE_IRQHandler
                0x0000000008000398                OTG_FS_IRQHandler
                0x000000000800039a                DMA2_Stream5_IRQHandler
                0x000000000800039c                DMA2_Stream6_IRQHandler
                0x000000000800039e                DMA2_Stream7_IRQHandler
                0x00000000080003a0                USART6_IRQHandler
                0x00000000080003a2                I2C3_EV_IRQHandler
                0x00000000080003a4                I2C3_ER_IRQHandler
                0x00000000080003a6                OTG_HS_EP1_OUT_IRQHandler
                0x00000000080003a8                OTG_HS_EP1_IN_IRQHandler
                0x00000000080003aa                OTG_HS_WKUP_IRQHandler
                0x00000000080003ac                OTG_HS_IRQHandler
                0x00000000080003ae                DCMI_IRQHandler
                0x00000000080003b0                HASH_RNG_IRQHandler
                0x00000000080003b2                FPU_IRQHandler
                0x00000000080003b4                UART7_IRQHandler
                0x00000000080003b6                UART8_IRQHandler
                0x00000000080003b8                SPI4_IRQHandler
                0x00000000080003ba                SPI5_IRQHandler
                0x00000000080003bc                SPI6_IRQHandler
                0x00000000080003be                SAI1_IRQHandler
                0x00000000080003c0                DMA2D_IRQHandler
                0x00000000080003c2                reset_handler
                0x00000000080003d4                SystemInit
                0x00000000080003e4                __init_end__ = (__init_start__ + SIZEOF (.init))
                0x0000000000000238                __init_size__ = SIZEOF (.init)
                0x00000000080003e4                __init_load_end__ = __init_end__
                0x0000000000000001                . = ASSERT (((__init_start__ == __init_end__) || ((__init_end__ - __FLASH_segment_start__) <= __FLASH_segment_size__)), error: .init is too large to fit in FLASH memory segment)
                0x00000000080003e4                __init_rodata_load_start__ = ALIGN (__init_end__, 0x4)

.init_rodata    0x00000000080003e4        0x0
                0x00000000080003e4                __init_rodata_start__ = .
 *(.init_rodata .init_rodata.*)
                0x00000000080003e4                __init_rodata_end__ = (__init_rodata_start__ + SIZEOF (.init_rodata))
                0x0000000000000000                __init_rodata_size__ = SIZEOF (.init_rodata)
                0x00000000080003e4                __init_rodata_load_end__ = __init_rodata_end__
                0x0000000000000001                . = ASSERT (((__init_rodata_start__ == __init_rodata_end__) || ((__init_rodata_end__ - __FLASH_segment_start__) <= __FLASH_segment_size__)), error: .init_rodata is too large to fit in FLASH memory segment)
                0x00000000080003e4                __text_load_start__ = ALIGN (__init_rodata_end__, 0x4)

.text           0x00000000080003e4     0x17ea
                0x00000000080003e4                __text_start__ = .
 *(.text .text.* .gnu.linkonce.t.* .glue_7t .glue_7 .gcc_except_table .ARM.extab* .gnu.linkonce.armextab.*)
 .glue_7        0x00000000080003e4        0x0 linker stubs
 .glue_7t       0x00000000080003e4        0x0 linker stubs
 .text.main     0x00000000080003e4       0x5c uart3_bms THUMB Debug/main.o
                0x00000000080003e4                main
 .text.TIM2_IRQHandler
                0x0000000008000440       0x38 uart3_bms THUMB Debug/main.o
                0x0000000008000440                TIM2_IRQHandler
 .text.USART3_IRQHandler
                0x0000000008000478       0x28 uart3_bms THUMB Debug/main.o
                0x0000000008000478                USART3_IRQHandler
 .text.__NVIC_EnableIRQ
                0x00000000080004a0       0x34 uart3_bms THUMB Debug/uart3.o
 .text.uart3_gpio_init
                0x00000000080004d4       0xd0 uart3_bms THUMB Debug/uart3.o
                0x00000000080004d4                uart3_gpio_init
 .text.uart3_dma_init
                0x00000000080005a4       0xd8 uart3_bms THUMB Debug/uart3.o
                0x00000000080005a4                uart3_dma_init
 .text.uart3_init
                0x000000000800067c       0xec uart3_bms THUMB Debug/uart3.o
                0x000000000800067c                uart3_init
 .text.uart3_send
                0x0000000008000768       0x6c uart3_bms THUMB Debug/uart3.o
                0x0000000008000768                uart3_send
 .text.uart3_receive
                0x00000000080007d4       0x3c uart3_bms THUMB Debug/uart3.o
                0x00000000080007d4                uart3_receive
 .text.tx_enable
                0x0000000008000810       0x20 uart3_bms THUMB Debug/uart3.o
                0x0000000008000810                tx_enable
 .text.rx_enable
                0x0000000008000830       0x20 uart3_bms THUMB Debug/uart3.o
                0x0000000008000830                rx_enable
 .text.__NVIC_EnableIRQ
                0x0000000008000850       0x34 uart3_bms THUMB Debug/timer.o
 .text.__NVIC_SetPriority
                0x0000000008000884       0x50 uart3_bms THUMB Debug/timer.o
 .text.timer2_init
                0x00000000080008d4       0x94 uart3_bms THUMB Debug/timer.o
                0x00000000080008d4                timer2_init
 .text.clock_init
                0x0000000008000968      0x180 uart3_bms THUMB Debug/clock_init.o
                0x0000000008000968                clock_init
 .text.bmsinit  0x0000000008000ae8       0x30 uart3_bms THUMB Debug/bms.o
                0x0000000008000ae8                bmsinit
 .text.bmsGetCommandString
                0x0000000008000b18       0x64 uart3_bms THUMB Debug/bms.o
                0x0000000008000b18                bmsGetCommandString
 .text.bmsCreateCommand
                0x0000000008000b7c       0x50 uart3_bms THUMB Debug/bms.o
                0x0000000008000b7c                bmsCreateCommand
 .text.bmsCreateTxPacket
                0x0000000008000bcc       0x34 uart3_bms THUMB Debug/bms.o
                0x0000000008000bcc                bmsCreateTxPacket
 .text.bmsSOCofvoltageandcurrent
                0x0000000008000c00       0xb4 uart3_bms THUMB Debug/bms.o
                0x0000000008000c00                bmsSOCofvoltageandcurrent
 .text.bmsMinMaxCellVoltage
                0x0000000008000cb4       0x5c uart3_bms THUMB Debug/bms.o
                0x0000000008000cb4                bmsMinMaxCellVoltage
 .text.bmsMinmaxtemp
                0x0000000008000d10       0x38 uart3_bms THUMB Debug/bms.o
                0x0000000008000d10                bmsMinmaxtemp
 .text.bmsChargedischargeMOSstatus
                0x0000000008000d48       0xbc uart3_bms THUMB Debug/bms.o
                0x0000000008000d48                bmsChargedischargeMOSstatus
 .text.bmsStatusinfo
                0x0000000008000e04       0x88 uart3_bms THUMB Debug/bms.o
                0x0000000008000e04                bmsStatusinfo
 .text.bmsCellVoltages
                0x0000000008000e8c       0xd0 uart3_bms THUMB Debug/bms.o
                0x0000000008000e8c                bmsCellVoltages
 .text.bmsCelltemperature
                0x0000000008000f5c       0xa8 uart3_bms THUMB Debug/bms.o
                0x0000000008000f5c                bmsCelltemperature
 .text.bmsCellBalanceState
                0x0000000008001004       0x88 uart3_bms THUMB Debug/bms.o
                0x0000000008001004                bmsCellBalanceState
 .text.bmsBatteyrFailureStatus
                0x000000000800108c      0x55c uart3_bms THUMB Debug/bms.o
                0x000000000800108c                bmsBatteyrFailureStatus
 .text.bmsProcessResponse
                0x00000000080015e8       0xc4 uart3_bms THUMB Debug/bms.o
                0x00000000080015e8                bmsProcessResponse
 .text.libc.__int32_to_float32
                0x00000000080016ac       0x2e C:/Program Files/Rowley Associates Limited/CrossWorks for ARM 4.10/lib/libm_v7em_t_le_eabi.a(libm_asm.o)
                0x00000000080016ac                __int32_to_float32
                0x00000000080016ac                __floatsisf
                0x00000000080016ac                __aeabi_i2f
                0x00000000080016bc                __int32_to_float32_common
 .text.libc.__int32_to_float64
                0x00000000080016da       0x2e C:/Program Files/Rowley Associates Limited/CrossWorks for ARM 4.10/lib/libm_v7em_t_le_eabi.a(libm_asm.o)
                0x00000000080016da                __aeabi_i2d
                0x00000000080016da                __int32_to_float64
                0x00000000080016da                __floatsidf
 .text.libc.__uint32_to_float32
                0x0000000008001708        0xe C:/Program Files/Rowley Associates Limited/CrossWorks for ARM 4.10/lib/libm_v7em_t_le_eabi.a(libm_asm.o)
                0x0000000008001708                __aeabi_ui2f
                0x0000000008001708                __floatunsisf
                0x0000000008001708                __uint32_to_float32
 .text.libc.__uint32_to_float64
                0x0000000008001716       0x22 C:/Program Files/Rowley Associates Limited/CrossWorks for ARM 4.10/lib/libm_v7em_t_le_eabi.a(libm_asm.o)
                0x0000000008001716                __aeabi_ui2d
                0x0000000008001716                __floatunsidf
                0x0000000008001716                __uint32_to_float64
 .text.libc.__float32_div
                0x0000000008001738      0x1e0 C:/Program Files/Rowley Associates Limited/CrossWorks for ARM 4.10/lib/libm_v7em_t_le_eabi.a(libm_asm.o)
                0x0000000008001738                __aeabi_fdiv
                0x0000000008001738                __float32_div
                0x0000000008001738                __divsf3
 .text.libc.__float64_div
                0x0000000008001918      0x214 C:/Program Files/Rowley Associates Limited/CrossWorks for ARM 4.10/lib/libm_v7em_t_le_eabi.a(libm_asm.o)
                0x0000000008001918                __divdf3
                0x0000000008001918                __float64_div
                0x0000000008001918                __aeabi_ddiv
 .text.libc.__float64_cmple
                0x0000000008001b2c       0x3c C:/Program Files/Rowley Associates Limited/CrossWorks for ARM 4.10/lib/libm_v7em_t_le_eabi.a(libm_asm.o)
                0x0000000008001b2c                __aeabi_dcmple
 .text.libc.memset
                0x0000000008001b68       0x66 C:/Program Files/Rowley Associates Limited/CrossWorks for ARM 4.10/lib/libc_v7em_t_le_eabi.a(libc2_asm.o)
                0x0000000008001b68                memset
                0x0000000008001bce                __text_end__ = (__text_start__ + SIZEOF (.text))
                0x00000000000017ea                __text_size__ = SIZEOF (.text)
                0x0000000008001bce                __text_load_end__ = __text_end__

.vfp11_veneer   0x0000000100000000        0x0
 .vfp11_veneer  0x0000000100000000        0x0 linker stubs

.v4_bx          0x0000000100000000        0x0
 .v4_bx         0x0000000100000000        0x0 linker stubs

.iplt           0x0000000100000000        0x0
 .iplt          0x0000000100000000        0x0 uart3_bms THUMB Debug/main.o
                0x0000000000000001                . = ASSERT (((__text_start__ == __text_end__) || ((__text_end__ - __FLASH_segment_start__) <= __FLASH_segment_size__)), error: .text is too large to fit in FLASH memory segment)
                0x0000000008001bd0                __dtors_load_start__ = ALIGN (__text_end__, 0x4)

.dtors          0x0000000008001bd0        0x0
                0x0000000008001bd0                __dtors_start__ = .
 *(SORT_BY_NAME(.dtors.*))
 *(.dtors)
 *(.fini_array)
 *(SORT_BY_NAME(.fini_array.*))
                0x0000000008001bd0                __dtors_end__ = (__dtors_start__ + SIZEOF (.dtors))
                0x0000000000000000                __dtors_size__ = SIZEOF (.dtors)
                0x0000000008001bd0                __dtors_load_end__ = __dtors_end__
                0x0000000000000001                . = ASSERT (((__dtors_start__ == __dtors_end__) || ((__dtors_end__ - __FLASH_segment_start__) <= __FLASH_segment_size__)), error: .dtors is too large to fit in FLASH memory segment)
                0x0000000008001bd0                __ctors_load_start__ = ALIGN (__dtors_end__, 0x4)

.ctors          0x0000000008001bd0        0x0
                0x0000000008001bd0                __ctors_start__ = .
 *(SORT_BY_NAME(.ctors.*))
 *(.ctors)
 *(.init_array)
 *(SORT_BY_NAME(.init_array.*))
                0x0000000008001bd0                __ctors_end__ = (__ctors_start__ + SIZEOF (.ctors))
                0x0000000000000000                __ctors_size__ = SIZEOF (.ctors)
                0x0000000008001bd0                __ctors_load_end__ = __ctors_end__
                0x0000000000000001                . = ASSERT (((__ctors_start__ == __ctors_end__) || ((__ctors_end__ - __FLASH_segment_start__) <= __FLASH_segment_size__)), error: .ctors is too large to fit in FLASH memory segment)
                0x0000000008001bd0                __rodata_load_start__ = ALIGN (__ctors_end__, 0x4)

.rodata         0x0000000008001bd0       0x24
                0x0000000008001bd0                __rodata_start__ = .
 *(.rodata .rodata.* .gnu.linkonce.r.*)
 .rodata        0x0000000008001bd0       0x24 uart3_bms THUMB Debug/bms.o
                0x0000000008001bf4                __rodata_end__ = (__rodata_start__ + SIZEOF (.rodata))
                0x0000000000000024                __rodata_size__ = SIZEOF (.rodata)
                0x0000000008001bf4                __rodata_load_end__ = __rodata_end__

.rel.dyn        0x0000000008000000        0x0
 .rel.iplt      0x0000000008000000        0x0 uart3_bms THUMB Debug/main.o
                0x0000000000000001                . = ASSERT (((__rodata_start__ == __rodata_end__) || ((__rodata_end__ - __FLASH_segment_start__) <= __FLASH_segment_size__)), error: .rodata is too large to fit in FLASH memory segment)
                0x0000000008001bf4                __ARM.exidx_load_start__ = ALIGN (__rodata_end__, 0x4)

.ARM.exidx      0x0000000008001bf4        0x0
                0x0000000008001bf4                __ARM.exidx_start__ = .
                0x0000000008001bf4                __exidx_start = __ARM.exidx_start__
 *(.ARM.exidx .ARM.exidx.*)
                0x0000000008001bf4                __ARM.exidx_end__ = (__ARM.exidx_start__ + SIZEOF (.ARM.exidx))
                0x0000000000000000                __ARM.exidx_size__ = SIZEOF (.ARM.exidx)
                0x0000000008001bf4                __exidx_end = __ARM.exidx_end__
                0x0000000008001bf4                __ARM.exidx_load_end__ = __ARM.exidx_end__
                0x0000000000000001                . = ASSERT (((__ARM.exidx_start__ == __ARM.exidx_end__) || ((__ARM.exidx_end__ - __FLASH_segment_start__) <= __FLASH_segment_size__)), error: .ARM.exidx is too large to fit in FLASH memory segment)
                0x0000000008001bf4                __fast_load_start__ = ALIGN (__ARM.exidx_end__, 0x4)

.fast           0x0000000020000000        0x0 load address 0x0000000008001bf4
                0x0000000020000000                __fast_start__ = .
 *(.fast .fast.*)
                0x0000000020000000                __fast_end__ = (__fast_start__ + SIZEOF (.fast))
                0x0000000000000000                __fast_size__ = SIZEOF (.fast)
                0x0000000008001bf4                __fast_load_end__ = (__fast_load_start__ + SIZEOF (.fast))
                0x0000000000000001                . = ASSERT (((__fast_load_start__ == __fast_load_end__) || ((__fast_load_end__ - __FLASH_segment_start__) <= __FLASH_segment_size__)), error: .fast is too large to fit in FLASH memory segment)

.fast_run       0x0000000020000000        0x0
                0x0000000020000000                __fast_run_start__ = .
                0x0000000020000000                __fast_run_end__ = (__fast_run_start__ + SIZEOF (.fast))
                0x0000000000000000                __fast_run_size__ = (__fast_run_end__ - __fast_run_start__)
                0x0000000020000000                __fast_run_load_end__ = __fast_run_end__
                0x0000000000000001                . = ASSERT (((__fast_run_start__ == __fast_run_end__) || ((__fast_run_end__ - __RAM_segment_start__) <= __RAM_segment_size__)), error: .fast_run is too large to fit in RAM memory segment)
                0x0000000008001bf4                __data_load_start__ = ALIGN ((__fast_load_start__ + SIZEOF (.fast)), 0x4)

.data           0x0000000020000000        0x4 load address 0x0000000008001bf4
                0x0000000020000000                __data_start__ = .
 *(.data .data.* .gnu.linkonce.d.*)
 .data.cmdID.0  0x0000000020000000        0x4 uart3_bms THUMB Debug/bms.o
                0x0000000020000004                __data_end__ = (__data_start__ + SIZEOF (.data))
                0x0000000000000004                __data_size__ = SIZEOF (.data)
                0x0000000008001bf8                __data_load_end__ = (__data_load_start__ + SIZEOF (.data))

.igot.plt       0x0000000100000000        0x0
 .igot.plt      0x0000000100000000        0x0 uart3_bms THUMB Debug/main.o
                0x0000000000000001                . = ASSERT (((__data_load_start__ == __data_load_end__) || ((__data_load_end__ - __FLASH_segment_start__) <= __FLASH_segment_size__)), error: .data is too large to fit in FLASH memory segment)

.data_run       0x0000000020000000        0x0
                0x0000000020000000                __data_run_start__ = .
                0x0000000020000004                __data_run_end__ = (__data_run_start__ + SIZEOF (.data))
                0x0000000000000004                __data_run_size__ = (__data_run_end__ - __data_run_start__)
                0x0000000020000004                __data_run_load_end__ = __data_run_end__
                0x0000000000000001                . = ASSERT (((__data_run_start__ == __data_run_end__) || ((__data_run_end__ - __RAM_segment_start__) <= __RAM_segment_size__)), error: .data_run is too large to fit in RAM memory segment)
                0x0000000020000004                __bss_load_start__ = ALIGN (__data_run_end__, 0x4)

.bss            0x0000000020000004      0x204
                0x0000000020000004                __bss_start__ = .
 *(.bss .bss.* .gnu.linkonce.b.*)
 .bss.uart3_tx  0x0000000020000004        0xf uart3_bms THUMB Debug/uart3.o
                0x0000000020000004                uart3_tx
 *fill*         0x0000000020000013        0x1 
 .bss.uart3_rx  0x0000000020000014        0xf uart3_bms THUMB Debug/uart3.o
                0x0000000020000014                uart3_rx
 .bss.uart3_rxFlag
                0x0000000020000023        0x1 uart3_bms THUMB Debug/uart3.o
                0x0000000020000023                uart3_rxFlag
 .bss.uart3_status
                0x0000000020000024        0x1 uart3_bms THUMB Debug/uart3.o
                0x0000000020000024                uart3_status
 *fill*         0x0000000020000025        0x3 
 .bss.bmsData   0x0000000020000028      0x1b0 uart3_bms THUMB Debug/bms.o
                0x0000000020000028                bmsData
 .bss.alarm     0x00000000200001d8       0x30 uart3_bms THUMB Debug/bms.o
                0x00000000200001d8                alarm
 *(COMMON)
                0x0000000020000208                __bss_end__ = (__bss_start__ + SIZEOF (.bss))
                0x0000000000000204                __bss_size__ = SIZEOF (.bss)
                0x0000000020000208                __bss_load_end__ = __bss_end__
                0x0000000000000001                . = ASSERT (((__bss_start__ == __bss_end__) || ((__bss_end__ - __RAM_segment_start__) <= __RAM_segment_size__)), error: .bss is too large to fit in RAM memory segment)
                0x0000000020000208                __tbss_load_start__ = ALIGN (__bss_end__, 0x4)

.tbss           0x0000000020000208        0x0
                0x0000000020000208                __tbss_start__ = .
 *(.tbss .tbss.*)
                0x0000000020000208                __tbss_end__ = (__tbss_start__ + SIZEOF (.tbss))
                0x0000000000000000                __tbss_size__ = SIZEOF (.tbss)
                0x0000000020000208                __tbss_load_end__ = __tbss_end__
                0x0000000000000001                . = ASSERT (((__tbss_start__ == __tbss_end__) || ((__tbss_end__ - __RAM_segment_start__) <= __RAM_segment_size__)), error: .tbss is too large to fit in RAM memory segment)
                0x0000000008001bf8                __tdata_load_start__ = ALIGN ((__data_load_start__ + SIZEOF (.data)), 0x4)

.tdata          0x0000000020000208        0x0 load address 0x0000000008001bf8
                0x0000000020000208                __tdata_start__ = .
 *(.tdata .tdata.*)
                0x0000000020000208                __tdata_end__ = (__tdata_start__ + SIZEOF (.tdata))
                0x0000000000000000                __tdata_size__ = SIZEOF (.tdata)
                0x0000000008001bf8                __tdata_load_end__ = (__tdata_load_start__ + SIZEOF (.tdata))
                0x0000000008001bf8                __FLASH_segment_used_end__ = (ALIGN ((__data_load_start__ + SIZEOF (.data)), 0x4) + SIZEOF (.tdata))
                0x0000000000001bf8                __FLASH_segment_used_size__ = (__FLASH_segment_used_end__ - __FLASH_segment_start__)
                0x0000000000000001                . = ASSERT (((__tdata_load_start__ == __tdata_load_end__) || ((__tdata_load_end__ - __FLASH_segment_start__) <= __FLASH_segment_size__)), error: .tdata is too large to fit in FLASH memory segment)

.tdata_run      0x0000000020000208        0x0
                0x0000000020000208                __tdata_run_start__ = .
                0x0000000020000208                __tdata_run_end__ = (__tdata_run_start__ + SIZEOF (.tdata))
                0x0000000000000000                __tdata_run_size__ = (__tdata_run_end__ - __tdata_run_start__)
                0x0000000020000208                __tdata_run_load_end__ = __tdata_run_end__
                0x0000000000000001                . = ASSERT (((__tdata_run_start__ == __tdata_run_end__) || ((__tdata_run_end__ - __RAM_segment_start__) <= __RAM_segment_size__)), error: .tdata_run is too large to fit in RAM memory segment)
                0x0000000020000208                __non_init_load_start__ = ALIGN (__tdata_run_end__, 0x4)

.non_init       0x0000000020000208        0x0
                0x0000000020000208                __non_init_start__ = .
 *(.non_init .non_init.*)
                0x0000000020000208                __non_init_end__ = (__non_init_start__ + SIZEOF (.non_init))
                0x0000000000000000                __non_init_size__ = SIZEOF (.non_init)
                0x0000000020000208                __non_init_load_end__ = __non_init_end__
                0x0000000000000001                . = ASSERT (((__non_init_start__ == __non_init_end__) || ((__non_init_end__ - __RAM_segment_start__) <= __RAM_segment_size__)), error: .non_init is too large to fit in RAM memory segment)
                0x0000000020000208                __heap_load_start__ = ALIGN (__non_init_end__, 0x8)

.heap           0x0000000020000208       0x80
                0x0000000020000208                __heap_start__ = .
 *(.heap .heap.*)
                0x0000000020000288                . = ALIGN (MAX ((__heap_start__ + __HEAPSIZE__), .), 0x8)
 *fill*         0x0000000020000208       0x80 
                0x0000000020000288                __heap_end__ = (__heap_start__ + SIZEOF (.heap))
                0x0000000000000080                __heap_size__ = SIZEOF (.heap)
                0x0000000020000288                __heap_load_end__ = __heap_end__
                0x0000000000000001                . = ASSERT (((__heap_start__ == __heap_end__) || ((__heap_end__ - __RAM_segment_start__) <= __RAM_segment_size__)), error: .heap is too large to fit in RAM memory segment)
                0x0000000000000001                . = ASSERT ((__HEAPSIZE__ == ALIGN (__HEAPSIZE__, 0x8)), error: .heap section size does not match alignment)
                0x0000000000000001                . = ASSERT ((__heap_size__ <= __HEAPSIZE__), error: .heap section is larger than specified size)
                0x0000000020000288                __stack_load_start__ = ALIGN (__heap_end__, 0x8)

.stack          0x0000000020000288      0x100
                0x0000000020000288                __stack_start__ = .
 *(.stack .stack.*)
                0x0000000020000388                . = ALIGN (MAX ((__stack_start__ + __STACKSIZE__), .), 0x8)
 *fill*         0x0000000020000288      0x100 
                0x0000000020000388                __stack_end__ = (__stack_start__ + SIZEOF (.stack))
                0x0000000000000100                __stack_size__ = SIZEOF (.stack)
                0x0000000020000388                __stack_load_end__ = __stack_end__
                0x0000000000000001                . = ASSERT (((__stack_start__ == __stack_end__) || ((__stack_end__ - __RAM_segment_start__) <= __RAM_segment_size__)), error: .stack is too large to fit in RAM memory segment)
                0x0000000000000001                . = ASSERT ((__STACKSIZE__ == ALIGN (__STACKSIZE__, 0x8)), error: .stack section size does not match alignment)
                0x0000000000000001                . = ASSERT ((__stack_size__ <= __STACKSIZE__), error: .stack section is larger than specified size)
                0x0000000020000388                __stack_process_load_start__ = ALIGN (__stack_end__, 0x8)

.stack_process  0x0000000020000388        0x0
                0x0000000020000388                __stack_process_start__ = .
 *(.stack_process .stack_process.*)
                0x0000000020000388                . = ALIGN (MAX ((__stack_process_start__ + __STACKSIZE_PROCESS__), .), 0x8)
                0x0000000020000388                __stack_process_end__ = (__stack_process_start__ + SIZEOF (.stack_process))
                0x0000000000000000                __stack_process_size__ = SIZEOF (.stack_process)
                0x0000000020000388                __stack_process_load_end__ = __stack_process_end__
                0x0000000020000388                __RAM_segment_used_end__ = (ALIGN (__stack_end__, 0x8) + SIZEOF (.stack_process))
                0x0000000000000388                __RAM_segment_used_size__ = (__RAM_segment_used_end__ - __RAM_segment_start__)
                0x0000000000000001                . = ASSERT (((__stack_process_start__ == __stack_process_end__) || ((__stack_process_end__ - __RAM_segment_start__) <= __RAM_segment_size__)), error: .stack_process is too large to fit in RAM memory segment)
                0x0000000000000001                . = ASSERT ((__STACKSIZE_PROCESS__ == ALIGN (__STACKSIZE_PROCESS__, 0x8)), error: .stack_process section size does not match alignment)
                0x0000000000000001                . = ASSERT ((__stack_process_size__ <= __STACKSIZE_PROCESS__), error: .stack_process section is larger than specified size)
START GROUP
LOAD uart3_bms THUMB Debug/main.o
LOAD uart3_bms THUMB Debug/uart3.o
LOAD uart3_bms THUMB Debug/timer.o
LOAD uart3_bms THUMB Debug/clock_init.o
LOAD uart3_bms THUMB Debug/bms.o
LOAD uart3_bms THUMB Debug/thumb_crt0.o
LOAD uart3_bms THUMB Debug/STM32_Startup.o
LOAD C:/Program Files/Rowley Associates Limited/CrossWorks for ARM 4.10/lib/libm_v7em_t_le_eabi.a
LOAD C:/Program Files/Rowley Associates Limited/CrossWorks for ARM 4.10/lib/libc_v7em_t_le_eabi.a
LOAD C:/Program Files/Rowley Associates Limited/CrossWorks for ARM 4.10/lib/libdebugio_v7em_t_le_eabi.a
LOAD C:/Program Files/Rowley Associates Limited/CrossWorks for ARM 4.10/lib/libcm_v7em_t_le_eabi.a
END GROUP
OUTPUT(D:/Yaswanth/BMS/uart3_bms/uart3_bms THUMB Debug/uart3_bms.elf elf32-littlearm)
LOAD linker stubs

.debug_frame    0x0000000000000000      0x378
 .debug_frame   0x0000000000000000       0x64 uart3_bms THUMB Debug/main.o
 .debug_frame   0x0000000000000064       0xd8 uart3_bms THUMB Debug/uart3.o
 .debug_frame   0x000000000000013c       0x6c uart3_bms THUMB Debug/timer.o
 .debug_frame   0x00000000000001a8       0x20 uart3_bms THUMB Debug/clock_init.o
 .debug_frame   0x00000000000001c8      0x1b0 uart3_bms THUMB Debug/bms.o

.debug_info     0x0000000000000000     0x25b8
 .debug_info    0x0000000000000000      0x529 uart3_bms THUMB Debug/main.o
 .debug_info    0x0000000000000529      0x97a uart3_bms THUMB Debug/uart3.o
 .debug_info    0x0000000000000ea3      0x964 uart3_bms THUMB Debug/timer.o
 .debug_info    0x0000000000001807      0x551 uart3_bms THUMB Debug/clock_init.o
 .debug_info    0x0000000000001d58      0x81a uart3_bms THUMB Debug/bms.o
 .debug_info    0x0000000000002572       0x22 uart3_bms THUMB Debug/thumb_crt0.o
 .debug_info    0x0000000000002594       0x24 uart3_bms THUMB Debug/STM32_Startup.o

.debug_abbrev   0x0000000000000000      0x774
 .debug_abbrev  0x0000000000000000      0x185 uart3_bms THUMB Debug/main.o
 .debug_abbrev  0x0000000000000185      0x1c1 uart3_bms THUMB Debug/uart3.o
 .debug_abbrev  0x0000000000000346      0x15b uart3_bms THUMB Debug/timer.o
 .debug_abbrev  0x00000000000004a1       0xb9 uart3_bms THUMB Debug/clock_init.o
 .debug_abbrev  0x000000000000055a      0x1f4 uart3_bms THUMB Debug/bms.o
 .debug_abbrev  0x000000000000074e       0x12 uart3_bms THUMB Debug/thumb_crt0.o
 .debug_abbrev  0x0000000000000760       0x14 uart3_bms THUMB Debug/STM32_Startup.o

.debug_pubnames
                0x0000000000000000     0x117a
 .debug_pubnames
                0x0000000000000000       0xef uart3_bms THUMB Debug/main.o
 .debug_pubnames
                0x00000000000000ef      0x7d8 uart3_bms THUMB Debug/uart3.o
 .debug_pubnames
                0x00000000000008c7      0x709 uart3_bms THUMB Debug/timer.o
 .debug_pubnames
                0x0000000000000fd0       0x21 uart3_bms THUMB Debug/clock_init.o
 .debug_pubnames
                0x0000000000000ff1      0x189 uart3_bms THUMB Debug/bms.o

.debug_pubtypes
                0x0000000000000000      0x5b0
 .debug_pubtypes
                0x0000000000000000      0x112 uart3_bms THUMB Debug/main.o
 .debug_pubtypes
                0x0000000000000112      0x162 uart3_bms THUMB Debug/uart3.o
 .debug_pubtypes
                0x0000000000000274      0x10d uart3_bms THUMB Debug/timer.o
 .debug_pubtypes
                0x0000000000000381      0x10a uart3_bms THUMB Debug/clock_init.o
 .debug_pubtypes
                0x000000000000048b      0x125 uart3_bms THUMB Debug/bms.o

.debug_aranges  0x0000000000000000      0x1d0
 .debug_aranges
                0x0000000000000000       0x30 uart3_bms THUMB Debug/main.o
 .debug_aranges
                0x0000000000000030       0x58 uart3_bms THUMB Debug/uart3.o
 .debug_aranges
                0x0000000000000088       0x30 uart3_bms THUMB Debug/timer.o
 .debug_aranges
                0x00000000000000b8       0x20 uart3_bms THUMB Debug/clock_init.o
 .debug_aranges
                0x00000000000000d8       0x88 uart3_bms THUMB Debug/bms.o
 .debug_aranges
                0x0000000000000160       0x50 uart3_bms THUMB Debug/thumb_crt0.o
 .debug_aranges
                0x00000000000001b0       0x20 uart3_bms THUMB Debug/STM32_Startup.o

.debug_ranges   0x0000000000000000      0x158
 .debug_ranges  0x0000000000000000       0x20 uart3_bms THUMB Debug/main.o
 .debug_ranges  0x0000000000000020       0x48 uart3_bms THUMB Debug/uart3.o
 .debug_ranges  0x0000000000000068       0x20 uart3_bms THUMB Debug/timer.o
 .debug_ranges  0x0000000000000088       0x10 uart3_bms THUMB Debug/clock_init.o
 .debug_ranges  0x0000000000000098       0x78 uart3_bms THUMB Debug/bms.o
 .debug_ranges  0x0000000000000110       0x48 uart3_bms THUMB Debug/thumb_crt0.o

.debug_macro    0x0000000000000000    0x19ef2
 .debug_macro   0x0000000000000000       0xdd uart3_bms THUMB Debug/main.o
 .debug_macro   0x00000000000000dd      0xb3e uart3_bms THUMB Debug/main.o
 .debug_macro   0x0000000000000c1b       0x2e uart3_bms THUMB Debug/main.o
 .debug_macro   0x0000000000000c49       0x28 uart3_bms THUMB Debug/main.o
 .debug_macro   0x0000000000000c71      0x18d uart3_bms THUMB Debug/main.o
 .debug_macro   0x0000000000000dfe       0x1c uart3_bms THUMB Debug/main.o
 .debug_macro   0x0000000000000e1a       0x22 uart3_bms THUMB Debug/main.o
 .debug_macro   0x0000000000000e3c       0xf4 uart3_bms THUMB Debug/main.o
 .debug_macro   0x0000000000000f30     0x1011 uart3_bms THUMB Debug/main.o
 .debug_macro   0x0000000000001f41      0x11f uart3_bms THUMB Debug/main.o
 .debug_macro   0x0000000000002060    0x178b5 uart3_bms THUMB Debug/main.o
 .debug_macro   0x0000000000019915       0x6d uart3_bms THUMB Debug/main.o
 .debug_macro   0x0000000000019982       0x16 uart3_bms THUMB Debug/main.o
 .debug_macro   0x0000000000019998       0x28 uart3_bms THUMB Debug/main.o
 .debug_macro   0x00000000000199c0       0x10 uart3_bms THUMB Debug/main.o
 .debug_macro   0x00000000000199d0       0x22 uart3_bms THUMB Debug/main.o
 .debug_macro   0x00000000000199f2       0x28 uart3_bms THUMB Debug/main.o
 .debug_macro   0x0000000000019a1a       0x90 uart3_bms THUMB Debug/main.o
 .debug_macro   0x0000000000019aaa       0x10 uart3_bms THUMB Debug/main.o
 .debug_macro   0x0000000000019aba       0x34 uart3_bms THUMB Debug/main.o
 .debug_macro   0x0000000000019aee       0xb9 uart3_bms THUMB Debug/uart3.o
 .debug_macro   0x0000000000019ba7       0x10 uart3_bms THUMB Debug/uart3.o
 .debug_macro   0x0000000000019bb7       0x9e uart3_bms THUMB Debug/timer.o
 .debug_macro   0x0000000000019c55       0x94 uart3_bms THUMB Debug/clock_init.o
 .debug_macro   0x0000000000019ce9       0x22 uart3_bms THUMB Debug/clock_init.o
 .debug_macro   0x0000000000019d0b       0xd4 uart3_bms THUMB Debug/bms.o
 .debug_macro   0x0000000000019ddf      0x113 uart3_bms THUMB Debug/bms.o

.debug_line     0x0000000000000000     0x18de
 .debug_line    0x0000000000000000      0x2f4 uart3_bms THUMB Debug/main.o
 .debug_line    0x00000000000002f4      0x4ca uart3_bms THUMB Debug/uart3.o
 .debug_line    0x00000000000007be      0x2dc uart3_bms THUMB Debug/timer.o
 .debug_line    0x0000000000000a9a      0x320 uart3_bms THUMB Debug/clock_init.o
 .debug_line    0x0000000000000dba      0x86d uart3_bms THUMB Debug/bms.o
 .debug_line    0x0000000000001627      0x183 uart3_bms THUMB Debug/thumb_crt0.o
 .debug_line    0x00000000000017aa      0x134 uart3_bms THUMB Debug/STM32_Startup.o

.debug_str      0x0000000000000000    0x92721
 .debug_str     0x0000000000000000    0x9115f uart3_bms THUMB Debug/main.o
                                      0x911f0 (size before relaxing)
 .debug_str     0x000000000009115f      0x767 uart3_bms THUMB Debug/uart3.o
                                      0x9160b (size before relaxing)
 .debug_str     0x00000000000918c6       0x7f uart3_bms THUMB Debug/timer.o
                                      0x912a8 (size before relaxing)
 .debug_str     0x0000000000091945       0x82 uart3_bms THUMB Debug/clock_init.o
                                      0x90d0b (size before relaxing)
 .debug_str     0x00000000000919c7      0xc81 uart3_bms THUMB Debug/bms.o
                                      0x91d05 (size before relaxing)
 .debug_str     0x0000000000092648       0x65 uart3_bms THUMB Debug/thumb_crt0.o
                                         0x7f (size before relaxing)
 .debug_str     0x00000000000926ad       0x74 uart3_bms THUMB Debug/STM32_Startup.o
                                         0x9c (size before relaxing)

.comment        0x0000000000000000       0x3d
 .comment       0x0000000000000000       0x3d uart3_bms THUMB Debug/main.o
                                         0x3e (size before relaxing)
 .comment       0x000000000000003d       0x3e uart3_bms THUMB Debug/uart3.o
 .comment       0x000000000000003d       0x3e uart3_bms THUMB Debug/timer.o
 .comment       0x000000000000003d       0x3e uart3_bms THUMB Debug/clock_init.o
 .comment       0x000000000000003d       0x3e uart3_bms THUMB Debug/bms.o

.ARM.attributes
                0x0000000000000000       0x2e
 .ARM.attributes
                0x0000000000000000       0x30 uart3_bms THUMB Debug/main.o
 .ARM.attributes
                0x0000000000000030       0x30 uart3_bms THUMB Debug/uart3.o
 .ARM.attributes
                0x0000000000000060       0x30 uart3_bms THUMB Debug/timer.o
 .ARM.attributes
                0x0000000000000090       0x30 uart3_bms THUMB Debug/clock_init.o
 .ARM.attributes
                0x00000000000000c0       0x30 uart3_bms THUMB Debug/bms.o
 .ARM.attributes
                0x00000000000000f0       0x1c uart3_bms THUMB Debug/thumb_crt0.o
 .ARM.attributes
                0x000000000000010c       0x1c uart3_bms THUMB Debug/STM32_Startup.o
 .ARM.attributes
                0x0000000000000128       0x1c C:/Program Files/Rowley Associates Limited/CrossWorks for ARM 4.10/lib/libm_v7em_t_le_eabi.a(libm_asm.o)
 .ARM.attributes
                0x0000000000000144       0x1c C:/Program Files/Rowley Associates Limited/CrossWorks for ARM 4.10/lib/libc_v7em_t_le_eabi.a(libc2_asm.o)
